Archive member included to satisfy reference by file (symbol)

../libopencm3/lib/libopencm3_lpc43xx.a(gpio.o)
                              airspy_core.o (symbol from plugin) (gpio_set)
../libopencm3/lib/libopencm3_lpc43xx.a(scu.o)
                              airspy_core.o (symbol from plugin) (scu_pinmux)
../libopencm3/lib/libopencm3_lpc43xx.a(i2c.o)
                              airspy_core.o (symbol from plugin) (i2c0_init)
../libopencm3/lib/libopencm3_lpc43xx.a(ssp.o)
                              w25q80bv.o (symbol from plugin) (ssp_init)
../libopencm3/lib/libopencm3_lpc43xx.a(ipc.o)
                              airspy_m4.o (symbol from plugin) (ipc_halt_m0)
../libopencm3/lib/libopencm3_lpc43xx.a(vector.o)
                              (reset_handler)
../libopencm3/lib/libopencm3_lpc43xx.a(nvic.o)
                              airspy_m4.o (symbol from plugin) (nvic_enable_irq)
/Users/developer/airspyhf/.toolchains/arm-gnu-toolchain-14.2.rel1-darwin-arm64-arm-none-eabi/bin/../lib/gcc/arm-none-eabi/14.2.1/thumb/v7e-m+fp/hard/libgcc.a(_aeabi_ldivmod.o)
                              /var/folders/pq/nd1v64dx01q03pkpcpbty3m40000gn/T//ccO1FwWE.ltrans0.ltrans.o (__aeabi_ldivmod)
/Users/developer/airspyhf/.toolchains/arm-gnu-toolchain-14.2.rel1-darwin-arm64-arm-none-eabi/bin/../lib/gcc/arm-none-eabi/14.2.1/thumb/v7e-m+fp/hard/libgcc.a(_udivmoddi4.o)
                              /Users/developer/airspyhf/.toolchains/arm-gnu-toolchain-14.2.rel1-darwin-arm64-arm-none-eabi/bin/../lib/gcc/arm-none-eabi/14.2.1/thumb/v7e-m+fp/hard/libgcc.a(_aeabi_ldivmod.o) (__udivmoddi4)
/Users/developer/airspyhf/.toolchains/arm-gnu-toolchain-14.2.rel1-darwin-arm64-arm-none-eabi/bin/../lib/gcc/arm-none-eabi/14.2.1/thumb/v7e-m+fp/hard/libgcc.a(_dvmd_tls.o)
                              /Users/developer/airspyhf/.toolchains/arm-gnu-toolchain-14.2.rel1-darwin-arm64-arm-none-eabi/bin/../lib/gcc/arm-none-eabi/14.2.1/thumb/v7e-m+fp/hard/libgcc.a(_aeabi_ldivmod.o) (__aeabi_ldiv0)
/Users/developer/airspyhf/.toolchains/arm-gnu-toolchain-14.2.rel1-darwin-arm64-arm-none-eabi/bin/../lib/gcc/arm-none-eabi/14.2.1/../../../../arm-none-eabi/lib/thumb/v7e-m+fp/hard/libc_nano.a(libc_a-memset.o)
                              /var/folders/pq/nd1v64dx01q03pkpcpbty3m40000gn/T//ccO1FwWE.ltrans0.ltrans.o (memset)
/Users/developer/airspyhf/.toolchains/arm-gnu-toolchain-14.2.rel1-darwin-arm64-arm-none-eabi/bin/../lib/gcc/arm-none-eabi/14.2.1/../../../../arm-none-eabi/lib/thumb/v7e-m+fp/hard/libc_nano.a(libc_a-memcpy-stub.o)
                              /var/folders/pq/nd1v64dx01q03pkpcpbty3m40000gn/T//ccO1FwWE.ltrans0.ltrans.o (memcpy)

Discarded input sections

 .text          0x00000000        0x0 m0_bin.o
 .data          0x00000000        0x0 m0_bin.o
 .bss           0x00000000        0x0 m0_bin.o
 .text          0x00000000        0x0 m0_i2c_wait_bin.o
 .data          0x00000000        0x0 m0_i2c_wait_bin.o
 .bss           0x00000000        0x0 m0_i2c_wait_bin.o
 .text          0x00000000        0x0 m0s_bin.o
 .data          0x00000000        0x0 m0s_bin.o
 .bss           0x00000000        0x0 m0s_bin.o
 .rodata        0x00000000      0x1b4 m0s_bin.o
 .ARM.attributes
                0x00000000       0x20 m0s_bin.o
 .comment       0x00000000       0x46 /var/folders/pq/nd1v64dx01q03pkpcpbty3m40000gn/T//ccXfDPUu.debug.temp.o
 .text          0x00000000        0x0 ../libopencm3/lib/libopencm3_lpc43xx.a(gpio.o)
 .data          0x00000000        0x0 ../libopencm3/lib/libopencm3_lpc43xx.a(gpio.o)
 .bss           0x00000000        0x0 ../libopencm3/lib/libopencm3_lpc43xx.a(gpio.o)
 .text.gpio_toggle
                0x00000000        0x8 ../libopencm3/lib/libopencm3_lpc43xx.a(gpio.o)
 .text.gpio_get
                0x00000000       0x10 ../libopencm3/lib/libopencm3_lpc43xx.a(gpio.o)
 .text          0x00000000        0x0 ../libopencm3/lib/libopencm3_lpc43xx.a(scu.o)
 .data          0x00000000        0x0 ../libopencm3/lib/libopencm3_lpc43xx.a(scu.o)
 .bss           0x00000000        0x0 ../libopencm3/lib/libopencm3_lpc43xx.a(scu.o)
 .text          0x00000000        0x0 ../libopencm3/lib/libopencm3_lpc43xx.a(i2c.o)
 .data          0x00000000        0x0 ../libopencm3/lib/libopencm3_lpc43xx.a(i2c.o)
 .bss           0x00000000        0x0 ../libopencm3/lib/libopencm3_lpc43xx.a(i2c.o)
 .text.i2c1_tx_start
                0x00000000       0x34 ../libopencm3/lib/libopencm3_lpc43xx.a(i2c.o)
 .text.i2c1_tx_byte
                0x00000000       0x38 ../libopencm3/lib/libopencm3_lpc43xx.a(i2c.o)
 .text.i2c1_rx_byte
                0x00000000       0x48 ../libopencm3/lib/libopencm3_lpc43xx.a(i2c.o)
 .text.i2c1_stop
                0x00000000       0x1c ../libopencm3/lib/libopencm3_lpc43xx.a(i2c.o)
 .text          0x00000000        0x0 ../libopencm3/lib/libopencm3_lpc43xx.a(ssp.o)
 .data          0x00000000        0x0 ../libopencm3/lib/libopencm3_lpc43xx.a(ssp.o)
 .bss           0x00000000        0x0 ../libopencm3/lib/libopencm3_lpc43xx.a(ssp.o)
 .text.ssp_disable
                0x00000000       0x1c ../libopencm3/lib/libopencm3_lpc43xx.a(ssp.o)
 .text.ssp_init
                0x00000000       0x9c ../libopencm3/lib/libopencm3_lpc43xx.a(ssp.o)
 .text.ssp_transfer
                0x00000000       0x44 ../libopencm3/lib/libopencm3_lpc43xx.a(ssp.o)
 .comment       0x00000000       0x46 ../libopencm3/lib/libopencm3_lpc43xx.a(ssp.o)
 .ARM.attributes
                0x00000000       0x34 ../libopencm3/lib/libopencm3_lpc43xx.a(ssp.o)
 .text          0x00000000        0x0 ../libopencm3/lib/libopencm3_lpc43xx.a(ipc.o)
 .data          0x00000000        0x0 ../libopencm3/lib/libopencm3_lpc43xx.a(ipc.o)
 .bss           0x00000000        0x0 ../libopencm3/lib/libopencm3_lpc43xx.a(ipc.o)
 .text.ipc_m0apptxevent_clear
                0x00000000       0x14 ../libopencm3/lib/libopencm3_lpc43xx.a(ipc.o)
 .text.ipc_start_m0s
                0x00000000       0x30 ../libopencm3/lib/libopencm3_lpc43xx.a(ipc.o)
 .text.ipc_m0subtxevent_clear
                0x00000000       0x14 ../libopencm3/lib/libopencm3_lpc43xx.a(ipc.o)
 .text          0x00000000        0x0 ../libopencm3/lib/libopencm3_lpc43xx.a(vector.o)
 .data          0x00000000        0x0 ../libopencm3/lib/libopencm3_lpc43xx.a(vector.o)
 .bss           0x00000000        0x0 ../libopencm3/lib/libopencm3_lpc43xx.a(vector.o)
 .text          0x00000000        0x0 ../libopencm3/lib/libopencm3_lpc43xx.a(nvic.o)
 .data          0x00000000        0x0 ../libopencm3/lib/libopencm3_lpc43xx.a(nvic.o)
 .bss           0x00000000        0x0 ../libopencm3/lib/libopencm3_lpc43xx.a(nvic.o)
 .text.nvic_disable_irq
                0x00000000       0x18 ../libopencm3/lib/libopencm3_lpc43xx.a(nvic.o)
 .text.nvic_get_pending_irq
                0x00000000       0x24 ../libopencm3/lib/libopencm3_lpc43xx.a(nvic.o)
 .text.nvic_set_pending_irq
                0x00000000       0x18 ../libopencm3/lib/libopencm3_lpc43xx.a(nvic.o)
 .text.nvic_clear_pending_irq
                0x00000000       0x18 ../libopencm3/lib/libopencm3_lpc43xx.a(nvic.o)
 .text.nvic_get_irq_enabled
                0x00000000       0x24 ../libopencm3/lib/libopencm3_lpc43xx.a(nvic.o)
 .text.nvic_get_active_irq
                0x00000000       0x24 ../libopencm3/lib/libopencm3_lpc43xx.a(nvic.o)
 .text.nvic_generate_software_interrupt
                0x00000000       0x14 ../libopencm3/lib/libopencm3_lpc43xx.a(nvic.o)
 .data          0x00000000        0x0 /Users/developer/airspyhf/.toolchains/arm-gnu-toolchain-14.2.rel1-darwin-arm64-arm-none-eabi/bin/../lib/gcc/arm-none-eabi/14.2.1/thumb/v7e-m+fp/hard/libgcc.a(_aeabi_ldivmod.o)
 .bss           0x00000000        0x0 /Users/developer/airspyhf/.toolchains/arm-gnu-toolchain-14.2.rel1-darwin-arm64-arm-none-eabi/bin/../lib/gcc/arm-none-eabi/14.2.1/thumb/v7e-m+fp/hard/libgcc.a(_aeabi_ldivmod.o)
 .text          0x00000000        0x0 /Users/developer/airspyhf/.toolchains/arm-gnu-toolchain-14.2.rel1-darwin-arm64-arm-none-eabi/bin/../lib/gcc/arm-none-eabi/14.2.1/thumb/v7e-m+fp/hard/libgcc.a(_udivmoddi4.o)
 .data          0x00000000        0x0 /Users/developer/airspyhf/.toolchains/arm-gnu-toolchain-14.2.rel1-darwin-arm64-arm-none-eabi/bin/../lib/gcc/arm-none-eabi/14.2.1/thumb/v7e-m+fp/hard/libgcc.a(_udivmoddi4.o)
 .bss           0x00000000        0x0 /Users/developer/airspyhf/.toolchains/arm-gnu-toolchain-14.2.rel1-darwin-arm64-arm-none-eabi/bin/../lib/gcc/arm-none-eabi/14.2.1/thumb/v7e-m+fp/hard/libgcc.a(_udivmoddi4.o)
 .ARM.extab.text.__udivmoddi4
                0x00000000        0x0 /Users/developer/airspyhf/.toolchains/arm-gnu-toolchain-14.2.rel1-darwin-arm64-arm-none-eabi/bin/../lib/gcc/arm-none-eabi/14.2.1/thumb/v7e-m+fp/hard/libgcc.a(_udivmoddi4.o)
 .data          0x00000000        0x0 /Users/developer/airspyhf/.toolchains/arm-gnu-toolchain-14.2.rel1-darwin-arm64-arm-none-eabi/bin/../lib/gcc/arm-none-eabi/14.2.1/thumb/v7e-m+fp/hard/libgcc.a(_dvmd_tls.o)
 .bss           0x00000000        0x0 /Users/developer/airspyhf/.toolchains/arm-gnu-toolchain-14.2.rel1-darwin-arm64-arm-none-eabi/bin/../lib/gcc/arm-none-eabi/14.2.1/thumb/v7e-m+fp/hard/libgcc.a(_dvmd_tls.o)
 .text          0x00000000        0x0 /Users/developer/airspyhf/.toolchains/arm-gnu-toolchain-14.2.rel1-darwin-arm64-arm-none-eabi/bin/../lib/gcc/arm-none-eabi/14.2.1/../../../../arm-none-eabi/lib/thumb/v7e-m+fp/hard/libc_nano.a(libc_a-memset.o)
 .data          0x00000000        0x0 /Users/developer/airspyhf/.toolchains/arm-gnu-toolchain-14.2.rel1-darwin-arm64-arm-none-eabi/bin/../lib/gcc/arm-none-eabi/14.2.1/../../../../arm-none-eabi/lib/thumb/v7e-m+fp/hard/libc_nano.a(libc_a-memset.o)
 .bss           0x00000000        0x0 /Users/developer/airspyhf/.toolchains/arm-gnu-toolchain-14.2.rel1-darwin-arm64-arm-none-eabi/bin/../lib/gcc/arm-none-eabi/14.2.1/../../../../arm-none-eabi/lib/thumb/v7e-m+fp/hard/libc_nano.a(libc_a-memset.o)
 .text          0x00000000        0x0 /Users/developer/airspyhf/.toolchains/arm-gnu-toolchain-14.2.rel1-darwin-arm64-arm-none-eabi/bin/../lib/gcc/arm-none-eabi/14.2.1/../../../../arm-none-eabi/lib/thumb/v7e-m+fp/hard/libc_nano.a(libc_a-memcpy-stub.o)
 .data          0x00000000        0x0 /Users/developer/airspyhf/.toolchains/arm-gnu-toolchain-14.2.rel1-darwin-arm64-arm-none-eabi/bin/../lib/gcc/arm-none-eabi/14.2.1/../../../../arm-none-eabi/lib/thumb/v7e-m+fp/hard/libc_nano.a(libc_a-memcpy-stub.o)
 .bss           0x00000000        0x0 /Users/developer/airspyhf/.toolchains/arm-gnu-toolchain-14.2.rel1-darwin-arm64-arm-none-eabi/bin/../lib/gcc/arm-none-eabi/14.2.1/../../../../arm-none-eabi/lib/thumb/v7e-m+fp/hard/libc_nano.a(libc_a-memcpy-stub.o)

Memory Configuration

Name             Origin             Length             Attributes
rom_flash        0x80000000         0x00100000         xr
rom              0x00000000         0x00100000         xr
ram_local1       0x10000000         0x00020000         xrw
ram_local2       0x10018000         0x00002000         xrw
ram_local_m0sub  0x18000000         0x00004800         xrw
ram_ahb1_m0_stack 0x20000000         0x00001000         xrw
ram_ahb1_spare   0x20001000         0x00000c00         xrw
ram_local_m4_share 0x1001a000         0x00000800         xrw
ram_local_m0_share 0x1001a800         0x00000800         xrw
ram_ahb1_adchs   0x20002000         0x00001000         xrw
ram_usb_queue_heads 0x20003800         0x00000800         rw
ram_ahb2         0x2000c000         0x00004000         xrw
*default*        0x00000000         0xffffffff

Linker script and memory map

LOAD /Users/developer/airspyhf/.toolchains/arm-gnu-toolchain-14.2.rel1-darwin-arm64-arm-none-eabi/bin/../lib/gcc/arm-none-eabi/14.2.1/../../../../arm-none-eabi/lib/thumb/v7e-m+fp/hard/libc_nano.a
LOAD /Users/developer/airspyhf/.toolchains/arm-gnu-toolchain-14.2.rel1-darwin-arm64-arm-none-eabi/bin/../lib/gcc/arm-none-eabi/14.2.1/../../../../arm-none-eabi/lib/thumb/v7e-m+fp/hard/libnosys.a
LOAD m0_bin.o
LOAD m0_i2c_wait_bin.o
LOAD m0s_bin.o
LOAD airspy_m4.o
LOAD /var/folders/pq/nd1v64dx01q03pkpcpbty3m40000gn/T//ccO1FwWE.ltrans0.ltrans.o
LOAD /var/folders/pq/nd1v64dx01q03pkpcpbty3m40000gn/T//ccXfDPUu.debug.temp.o
LOAD adchs.o
LOAD fault_handler.o
LOAD airspy_core.o
LOAD si5351c.o
LOAD w25q80bv.o
LOAD rom_iap.o
LOAD signal_mcu.o
LOAD airspy_nos_conf.o
LOAD airspy_mini_conf.o
LOAD ../libopencm3/lib/libopencm3_lpc43xx.a
START GROUP
LOAD /Users/developer/airspyhf/.toolchains/arm-gnu-toolchain-14.2.rel1-darwin-arm64-arm-none-eabi/bin/../lib/gcc/arm-none-eabi/14.2.1/thumb/v7e-m+fp/hard/libgcc.a
LOAD /Users/developer/airspyhf/.toolchains/arm-gnu-toolchain-14.2.rel1-darwin-arm64-arm-none-eabi/bin/../lib/gcc/arm-none-eabi/14.2.1/../../../../arm-none-eabi/lib/thumb/v7e-m+fp/hard/libc_nano.a
END GROUP
START GROUP
LOAD /Users/developer/airspyhf/.toolchains/arm-gnu-toolchain-14.2.rel1-darwin-arm64-arm-none-eabi/bin/../lib/gcc/arm-none-eabi/14.2.1/thumb/v7e-m+fp/hard/libgcc.a
LOAD /Users/developer/airspyhf/.toolchains/arm-gnu-toolchain-14.2.rel1-darwin-arm64-arm-none-eabi/bin/../lib/gcc/arm-none-eabi/14.2.1/../../../../arm-none-eabi/lib/thumb/v7e-m+fp/hard/libc_nano.a
END GROUP
                0x1001a000                        cm4_data_share = ORIGIN (ram_local_m4_share)
                0x20002000                        adchs_data = ORIGIN (ram_ahb1_adchs)
                0x1001a800                        cm0_data_share = ORIGIN (ram_local_m0_share)
                0x2000c000                        cm0_exec_baseaddr = ORIGIN (ram_ahb2)
                0x18000000                        cm0s_exec_baseaddr = ORIGIN (ram_local_m0sub)
                0x20001000                        conf_data_share = ORIGIN (ram_ahb1_spare)
                0x00000c00                        conf_data_share_size = LENGTH (ram_ahb1_spare)

.text           0x00000000     0x55c8
                0x00000000                        . = ALIGN (0x400)
                0x10000000                        _text_ram = ((. - ORIGIN (rom)) + ORIGIN (ram_local1))
 *(.vectors)
 .vectors       0x00000000      0x114 ../libopencm3/lib/libopencm3_lpc43xx.a(vector.o)
                0x00000000                vector_table
 *(.text*)
 .text          0x00000114      0xd34 /var/folders/pq/nd1v64dx01q03pkpcpbty3m40000gn/T//ccO1FwWE.ltrans0.ltrans.o
                0x000007b0                adchs_isr
                0x000007c0                dma_isr
                0x00000c74                m0core_isr
                0x00000e24                hard_fault_handler
                0x00000e38                hard_fault_handler_c
                0x00000e3c                mem_manage_handler
                0x00000e40                bus_fault_handler
                0x00000e44                usage_fault_handler
 .text.startup  0x00000e48      0x998 /var/folders/pq/nd1v64dx01q03pkpcpbty3m40000gn/T//ccO1FwWE.ltrans0.ltrans.o
                0x00000e48                main
 .text.gpio_set
                0x000017e0        0x8 ../libopencm3/lib/libopencm3_lpc43xx.a(gpio.o)
                0x000017e0                gpio_set
 .text.gpio_clear
                0x000017e8        0x8 ../libopencm3/lib/libopencm3_lpc43xx.a(gpio.o)
                0x000017e8                gpio_clear
 .text.scu_pinmux
                0x000017f0        0x4 ../libopencm3/lib/libopencm3_lpc43xx.a(scu.o)
                0x000017f0                scu_pinmux
 .text.i2c0_init
                0x000017f4       0x28 ../libopencm3/lib/libopencm3_lpc43xx.a(i2c.o)
                0x000017f4                i2c0_init
 .text.i2c1_init
                0x0000181c       0x2c ../libopencm3/lib/libopencm3_lpc43xx.a(i2c.o)
                0x0000181c                i2c1_init
 .text.i2c0_tx_start
                0x00001848       0x34 ../libopencm3/lib/libopencm3_lpc43xx.a(i2c.o)
                0x00001848                i2c0_tx_start
 .text.i2c0_tx_byte
                0x0000187c       0x38 ../libopencm3/lib/libopencm3_lpc43xx.a(i2c.o)
                0x0000187c                i2c0_tx_byte
 .text.i2c0_rx_byte
                0x000018b4       0x3c ../libopencm3/lib/libopencm3_lpc43xx.a(i2c.o)
                0x000018b4                i2c0_rx_byte
 .text.i2c0_stop
                0x000018f0       0x1c ../libopencm3/lib/libopencm3_lpc43xx.a(i2c.o)
                0x000018f0                i2c0_stop
 .text.ipc_halt_m0
                0x0000190c       0x28 ../libopencm3/lib/libopencm3_lpc43xx.a(ipc.o)
                0x0000190c                ipc_halt_m0
 .text.ipc_start_m0
                0x00001934       0x30 ../libopencm3/lib/libopencm3_lpc43xx.a(ipc.o)
                0x00001934                ipc_start_m0
 .text.ipc_halt_m0s
                0x00001964       0x28 ../libopencm3/lib/libopencm3_lpc43xx.a(ipc.o)
                0x00001964                ipc_halt_m0s
 .text.blocking_handler
                0x0000198c        0x4 ../libopencm3/lib/libopencm3_lpc43xx.a(vector.o)
                0x0000198c                c_can1_isr
                0x0000198c                qei_isr
                0x0000198c                m0sub_isr
                0x0000198c                spi_isr
                0x0000198c                usart3_isr
                0x0000198c                rtc_isr
                0x0000198c                gint1_isr
                0x0000198c                timer1_isr
                0x0000198c                i2c0_isr
                0x0000198c                usart0_isr
                0x0000198c                blocking_handler
                0x0000198c                pin_int1_isr
                0x0000198c                ssp1_isr
                0x0000198c                spifi_isr
                0x0000198c                gint0_isr
                0x0000198c                i2c1_isr
                0x0000198c                ritimer_isr
                0x0000198c                dac_isr
                0x0000198c                flasheeprom_isr
                0x0000198c                sdio_isr
                0x0000198c                ethernet_isr
                0x0000198c                c_can0_isr
                0x0000198c                eventrouter_isr
                0x0000198c                usb0_isr
                0x0000198c                uart1_isr
                0x0000198c                pin_int6_isr
                0x0000198c                usart2_isr
                0x0000198c                pin_int5_isr
                0x0000198c                timer2_isr
                0x0000198c                pin_int0_isr
                0x0000198c                sct_isr
                0x0000198c                pin_int2_isr
                0x0000198c                timer3_isr
                0x0000198c                lcd_isr
                0x0000198c                pin_int7_isr
                0x0000198c                ssp0_isr
                0x0000198c                atimer_isr
                0x0000198c                sgpio_isr
                0x0000198c                i2s0_isr
                0x0000198c                wwdt_isr
                0x0000198c                pin_int3_isr
                0x0000198c                adc1_isr
                0x0000198c                mcpwm_isr
                0x0000198c                timer0_isr
                0x0000198c                i2s1_isr
                0x0000198c                usb1_isr
                0x0000198c                pin_int4_isr
                0x0000198c                adc0_isr
 .text.null_handler
                0x00001990        0x4 ../libopencm3/lib/libopencm3_lpc43xx.a(vector.o)
                0x00001990                null_handler
                0x00001990                sv_call_handler
                0x00001990                pend_sv_handler
                0x00001990                debug_monitor_handler
                0x00001990                sys_tick_handler
                0x00001990                nmi_handler
 .text.reset_handler
                0x00001994      0x150 ../libopencm3/lib/libopencm3_lpc43xx.a(vector.o)
                0x00001994                reset_handler
 .text.nvic_enable_irq
                0x00001ae4       0x18 ../libopencm3/lib/libopencm3_lpc43xx.a(nvic.o)
                0x00001ae4                nvic_enable_irq
 .text.nvic_set_priority
                0x00001afc       0x20 ../libopencm3/lib/libopencm3_lpc43xx.a(nvic.o)
                0x00001afc                nvic_set_priority
 .text          0x00001b1c       0xa0 /Users/developer/airspyhf/.toolchains/arm-gnu-toolchain-14.2.rel1-darwin-arm64-arm-none-eabi/bin/../lib/gcc/arm-none-eabi/14.2.1/thumb/v7e-m+fp/hard/libgcc.a(_aeabi_ldivmod.o)
                0x00001b1c                __aeabi_ldivmod
 .text.__udivmoddi4
                0x00001bbc      0x2f8 /Users/developer/airspyhf/.toolchains/arm-gnu-toolchain-14.2.rel1-darwin-arm64-arm-none-eabi/bin/../lib/gcc/arm-none-eabi/14.2.1/thumb/v7e-m+fp/hard/libgcc.a(_udivmoddi4.o)
                0x00001bbc                __udivmoddi4
 .text          0x00001eb4        0x4 /Users/developer/airspyhf/.toolchains/arm-gnu-toolchain-14.2.rel1-darwin-arm64-arm-none-eabi/bin/../lib/gcc/arm-none-eabi/14.2.1/thumb/v7e-m+fp/hard/libgcc.a(_dvmd_tls.o)
                0x00001eb4                __aeabi_ldiv0
                0x00001eb4                __aeabi_idiv0
 .text.memset   0x00001eb8       0x10 /Users/developer/airspyhf/.toolchains/arm-gnu-toolchain-14.2.rel1-darwin-arm64-arm-none-eabi/bin/../lib/gcc/arm-none-eabi/14.2.1/../../../../arm-none-eabi/lib/thumb/v7e-m+fp/hard/libc_nano.a(libc_a-memset.o)
                0x00001eb8                memset
 .text.memcpy   0x00001ec8       0x1c /Users/developer/airspyhf/.toolchains/arm-gnu-toolchain-14.2.rel1-darwin-arm64-arm-none-eabi/bin/../lib/gcc/arm-none-eabi/14.2.1/../../../../arm-none-eabi/lib/thumb/v7e-m+fp/hard/libc_nano.a(libc_a-memcpy-stub.o)
                0x00001ec8                memcpy
                0x00001ee4                        . = ALIGN (0x4)
 *(.rodata*)
 *fill*         0x00001ee4        0xc 
 .rodata        0x00001ef0     0x2fe4 m0_bin.o
                0x00001ef0                m0_bin
                0x00004ed0                m0_bin_size
 *fill*         0x00004ed4        0xc 
 .rodata        0x00004ee0      0x1d4 m0_i2c_wait_bin.o
                0x00004ee0                m0_i2c_wait_bin
                0x000050b0                m0_i2c_wait_bin_size
 .rodata.str1.4
                0x000050b4        0xa /var/folders/pq/nd1v64dx01q03pkpcpbty3m40000gn/T//ccO1FwWE.ltrans0.ltrans.o
 *fill*         0x000050be        0x2 
 .rodata        0x000050c0      0x508 /var/folders/pq/nd1v64dx01q03pkpcpbty3m40000gn/T//ccO1FwWE.ltrans0.ltrans.o
                0x000055c8                        . = ALIGN (0x4)

.glue_7         0x000055c8        0x0
 .glue_7        0x000055c8        0x0 linker stubs

.glue_7t        0x000055c8        0x0
 .glue_7t       0x000055c8        0x0 linker stubs

.vfp11_veneer   0x000055c8        0x0
 .vfp11_veneer  0x000055c8        0x0 linker stubs

.v4_bx          0x000055c8        0x0
 .v4_bx         0x000055c8        0x0 linker stubs

.iplt           0x000055c8        0x0
 .iplt          0x000055c8        0x0 ../libopencm3/lib/libopencm3_lpc43xx.a(vector.o)

.preinit_array  0x000055c8        0x0
                0x000055c8                        . = ALIGN (0x4)
                0x000055c8                        __preinit_array_start = .
 *(.preinit_array)
                0x000055c8                        __preinit_array_end = .

.init_array     0x000055c8        0x0
                0x000055c8                        . = ALIGN (0x4)
                0x000055c8                        __init_array_start = .
 *(SORT_BY_NAME(.init_array.*))
 *(.init_array)
                0x000055c8                        __init_array_end = .

.fini_array     0x000055c8        0x0
                0x000055c8                        . = ALIGN (0x4)
                0x000055c8                        __fini_array_start = .
 *(.fini_array)
 *(SORT_BY_NAME(.fini_array.*))
                0x000055c8                        __fini_array_end = .

.ARM.extab
 *(.ARM.extab*)

.ARM.exidx      0x000055c8        0x8
                0x000055c8                        __exidx_start = .
 *(.ARM.exidx*)
 .ARM.exidx.text.__udivmoddi4
                0x000055c8        0x8 /Users/developer/airspyhf/.toolchains/arm-gnu-toolchain-14.2.rel1-darwin-arm64-arm-none-eabi/bin/../lib/gcc/arm-none-eabi/14.2.1/thumb/v7e-m+fp/hard/libgcc.a(_udivmoddi4.o)
                0x000055d0                        __exidx_end = .

.rel.dyn        0x000055d0        0x0
 .rel.iplt      0x000055d0        0x0 ../libopencm3/lib/libopencm3_lpc43xx.a(vector.o)
                0x000055d0                        . = ALIGN (0x4)
                0x000055d0                        _etext = .
                0x100055d0                        _etext_ram = ((. - ORIGIN (rom)) + ORIGIN (ram_local1))
                0x800055d0                        _etext_rom = ((. - ORIGIN (rom)) + ORIGIN (rom_flash))
                0x10018000                        . = ORIGIN (ram_local2)

.data           0x10018000        0x4 load address 0x000055d0
                0x10018000                        _data = .
 *(.data*)
 .data          0x10018000        0x1 /var/folders/pq/nd1v64dx01q03pkpcpbty3m40000gn/T//ccO1FwWE.ltrans0.ltrans.o
                0x10018004                        . = ALIGN (0x4)
 *fill*         0x10018001        0x3 
                0x10018004                        _edata = .
                0x000055d0                        _data_loadaddr = LOADADDR (.data)
                0x800055d0                        _data_rom = (LOADADDR (.data) + ORIGIN (rom_flash))
                0x800055d4                        _edata_rom = (_data_rom + SIZEOF (.data))

.igot.plt       0x10018004        0x0 load address 0x000055d4
 .igot.plt      0x10018004        0x0 ../libopencm3/lib/libopencm3_lpc43xx.a(vector.o)

.bss            0x10018010      0x240 load address 0x000055d4
                0x10018010                        _bss = .
 *(.bss_aligned*)
 *(.bss*)
 .bss           0x10018010      0x240 /var/folders/pq/nd1v64dx01q03pkpcpbty3m40000gn/T//ccO1FwWE.ltrans0.ltrans.o
 *(COMMON)
                0x10018250                        . = ALIGN (0x4)
                0x10018250                        _ebss = .

.ARM.extab
 *(.ARM.extab*)

/DISCARD/
 *(.eh_frame)

.data2          0x000055d4      0x358
                0x000055d4                        _nocopy_data = .
 *(.nocopy_data)
 .nocopy_data   0x000055d4      0x358 /var/folders/pq/nd1v64dx01q03pkpcpbty3m40000gn/T//ccO1FwWE.ltrans0.ltrans.o
                0x0000592c                        . = ALIGN (0x4)
                0x0000592c                        _enocopy_data = .
                0x000055d4                        _nocopy_data_loadaddr = LOADADDR (.data2)
                0x800055d4                        _nocopy_data_rom = (LOADADDR (.data2) + ORIGIN (rom_flash))
                0x8000592c                        _enocopy_data_rom = (_nocopy_data_rom + SIZEOF (.data2))
                0x0000592c                        . = ALIGN (0x4)
                0x0000592c                        end = .
                0x10019fe0                        __StackTop = ((ORIGIN (ram_local2) + LENGTH (ram_local2)) - 0x20)
                0x10019fe0                        PROVIDE (_stack = __StackTop)
                0x00000001                        ASSERT ((_etext_ram <= 0x10008000), M4 text overlaps local SRAM1 capture buffer)
                0x00000001                        ASSERT ((_ebss <= 0x1001a000), M4 data exceeds its vacated S1 bank window)
OUTPUT(airspy_rom_to_ram.elf elf32-littlearm)
LOAD linker stubs

.ARM.attributes
                0x00000000       0x30
 .ARM.attributes
                0x00000000       0x20 m0_bin.o
 .ARM.attributes
                0x00000020       0x20 m0_i2c_wait_bin.o
 .ARM.attributes
                0x00000040       0x32 /var/folders/pq/nd1v64dx01q03pkpcpbty3m40000gn/T//ccO1FwWE.ltrans0.ltrans.o
 .ARM.attributes
                0x00000072       0x34 ../libopencm3/lib/libopencm3_lpc43xx.a(gpio.o)
 .ARM.attributes
                0x000000a6       0x34 ../libopencm3/lib/libopencm3_lpc43xx.a(scu.o)
 .ARM.attributes
                0x000000da       0x34 ../libopencm3/lib/libopencm3_lpc43xx.a(i2c.o)
 .ARM.attributes
                0x0000010e       0x34 ../libopencm3/lib/libopencm3_lpc43xx.a(ipc.o)
 .ARM.attributes
                0x00000142       0x34 ../libopencm3/lib/libopencm3_lpc43xx.a(vector.o)
 .ARM.attributes
                0x00000176       0x34 ../libopencm3/lib/libopencm3_lpc43xx.a(nvic.o)
 .ARM.attributes
                0x000001aa       0x22 /Users/developer/airspyhf/.toolchains/arm-gnu-toolchain-14.2.rel1-darwin-arm64-arm-none-eabi/bin/../lib/gcc/arm-none-eabi/14.2.1/thumb/v7e-m+fp/hard/libgcc.a(_aeabi_ldivmod.o)
 .ARM.attributes
                0x000001cc       0x34 /Users/developer/airspyhf/.toolchains/arm-gnu-toolchain-14.2.rel1-darwin-arm64-arm-none-eabi/bin/../lib/gcc/arm-none-eabi/14.2.1/thumb/v7e-m+fp/hard/libgcc.a(_udivmoddi4.o)
 .ARM.attributes
                0x00000200       0x22 /Users/developer/airspyhf/.toolchains/arm-gnu-toolchain-14.2.rel1-darwin-arm64-arm-none-eabi/bin/../lib/gcc/arm-none-eabi/14.2.1/thumb/v7e-m+fp/hard/libgcc.a(_dvmd_tls.o)
 .ARM.attributes
                0x00000222       0x34 /Users/developer/airspyhf/.toolchains/arm-gnu-toolchain-14.2.rel1-darwin-arm64-arm-none-eabi/bin/../lib/gcc/arm-none-eabi/14.2.1/../../../../arm-none-eabi/lib/thumb/v7e-m+fp/hard/libc_nano.a(libc_a-memset.o)
 .ARM.attributes
                0x00000256       0x34 /Users/developer/airspyhf/.toolchains/arm-gnu-toolchain-14.2.rel1-darwin-arm64-arm-none-eabi/bin/../lib/gcc/arm-none-eabi/14.2.1/../../../../arm-none-eabi/lib/thumb/v7e-m+fp/hard/libc_nano.a(libc_a-memcpy-stub.o)

.comment        0x00000000       0x45
 .comment       0x00000000       0x46 /var/folders/pq/nd1v64dx01q03pkpcpbty3m40000gn/T//ccO1FwWE.ltrans0.ltrans.o
 .comment       0x00000000       0x45 ../libopencm3/lib/libopencm3_lpc43xx.a(gpio.o)
                                 0x46 (size before relaxing)
 .comment       0x00000045       0x46 ../libopencm3/lib/libopencm3_lpc43xx.a(scu.o)
 .comment       0x00000045       0x46 ../libopencm3/lib/libopencm3_lpc43xx.a(i2c.o)
 .comment       0x00000045       0x46 ../libopencm3/lib/libopencm3_lpc43xx.a(ipc.o)
 .comment       0x00000045       0x46 ../libopencm3/lib/libopencm3_lpc43xx.a(vector.o)
 .comment       0x00000045       0x46 ../libopencm3/lib/libopencm3_lpc43xx.a(nvic.o)

.debug_info     0x00000000     0x3ce4
 .debug_info    0x00000000     0x1f9a /var/folders/pq/nd1v64dx01q03pkpcpbty3m40000gn/T//ccO1FwWE.ltrans0.ltrans.o
 .debug_info    0x00001f9a     0x1d4a /var/folders/pq/nd1v64dx01q03pkpcpbty3m40000gn/T//ccXfDPUu.debug.temp.o
                0x00001f9a                airspy_m4.c.b28f140d

.debug_abbrev   0x00000000      0x79d
 .debug_abbrev  0x00000000      0x4c0 /var/folders/pq/nd1v64dx01q03pkpcpbty3m40000gn/T//ccO1FwWE.ltrans0.ltrans.o
 .debug_abbrev  0x000004c0      0x2dd /var/folders/pq/nd1v64dx01q03pkpcpbty3m40000gn/T//ccXfDPUu.debug.temp.o

.debug_loclists
                0x00000000     0x1141
 .debug_loclists
                0x00000000     0x1141 /var/folders/pq/nd1v64dx01q03pkpcpbty3m40000gn/T//ccO1FwWE.ltrans0.ltrans.o

.debug_aranges  0x00000000       0x28
 .debug_aranges
                0x00000000       0x28 /var/folders/pq/nd1v64dx01q03pkpcpbty3m40000gn/T//ccO1FwWE.ltrans0.ltrans.o

.debug_rnglists
                0x00000000      0x3ae
 .debug_rnglists
                0x00000000      0x3ae /var/folders/pq/nd1v64dx01q03pkpcpbty3m40000gn/T//ccO1FwWE.ltrans0.ltrans.o

.debug_line     0x00000000     0x21ce
 .debug_line    0x00000000     0x2144 /var/folders/pq/nd1v64dx01q03pkpcpbty3m40000gn/T//ccO1FwWE.ltrans0.ltrans.o
 .debug_line    0x00002144       0x8a /var/folders/pq/nd1v64dx01q03pkpcpbty3m40000gn/T//ccXfDPUu.debug.temp.o

.debug_str      0x00000000     0x2012
 .debug_str     0x00000000     0x2012 /var/folders/pq/nd1v64dx01q03pkpcpbty3m40000gn/T//ccO1FwWE.ltrans0.ltrans.o
                                0x63a (size before relaxing)
 .debug_str     0x00002012     0x1f14 /var/folders/pq/nd1v64dx01q03pkpcpbty3m40000gn/T//ccXfDPUu.debug.temp.o

.debug_frame    0x00000000      0x2b8
 .debug_frame   0x00000000      0x1f8 /var/folders/pq/nd1v64dx01q03pkpcpbty3m40000gn/T//ccO1FwWE.ltrans0.ltrans.o
 .debug_frame   0x000001f8       0x44 /Users/developer/airspyhf/.toolchains/arm-gnu-toolchain-14.2.rel1-darwin-arm64-arm-none-eabi/bin/../lib/gcc/arm-none-eabi/14.2.1/thumb/v7e-m+fp/hard/libgcc.a(_aeabi_ldivmod.o)
 .debug_frame   0x0000023c       0x34 /Users/developer/airspyhf/.toolchains/arm-gnu-toolchain-14.2.rel1-darwin-arm64-arm-none-eabi/bin/../lib/gcc/arm-none-eabi/14.2.1/thumb/v7e-m+fp/hard/libgcc.a(_udivmoddi4.o)
 .debug_frame   0x00000270       0x20 /Users/developer/airspyhf/.toolchains/arm-gnu-toolchain-14.2.rel1-darwin-arm64-arm-none-eabi/bin/../lib/gcc/arm-none-eabi/14.2.1/../../../../arm-none-eabi/lib/thumb/v7e-m+fp/hard/libc_nano.a(libc_a-memset.o)
 .debug_frame   0x00000290       0x28 /Users/developer/airspyhf/.toolchains/arm-gnu-toolchain-14.2.rel1-darwin-arm64-arm-none-eabi/bin/../lib/gcc/arm-none-eabi/14.2.1/../../../../arm-none-eabi/lib/thumb/v7e-m+fp/hard/libc_nano.a(libc_a-memcpy-stub.o)

.debug_line_str
                0x00000000      0x33d
 .debug_line_str
                0x00000000      0x33d /var/folders/pq/nd1v64dx01q03pkpcpbty3m40000gn/T//ccXfDPUu.debug.temp.o
                                0x26b (size before relaxing)
 .debug_line_str
                0x0000033d       0xd2 /Users/developer/airspyhf/.toolchains/arm-gnu-toolchain-14.2.rel1-darwin-arm64-arm-none-eabi/bin/../lib/gcc/arm-none-eabi/14.2.1/thumb/v7e-m+fp/hard/libgcc.a(_aeabi_ldivmod.o)
 .debug_line_str
                0x0000033d       0xd6 /Users/developer/airspyhf/.toolchains/arm-gnu-toolchain-14.2.rel1-darwin-arm64-arm-none-eabi/bin/../lib/gcc/arm-none-eabi/14.2.1/thumb/v7e-m+fp/hard/libgcc.a(_dvmd_tls.o)
